// Jest Snapshot v1, https://goo.gl/fbAQLP

exports[`FilterList matches snapshot 1`] = `
<div>
  <h4>
    
  </h4>
  <div
    className="sc-htpNat jYhomY"
  >
    <div
      className="sc-bdVaJa edgMnc"
    >
       
      <p
        id="title"
        onClick={[Function]}
      >
        Meow
         ↑
      </p>
    </div>
    <div
      className="sc-bwzfXH laSsVf"
    >
       
      <p
        id="title"
        onClick={[Function]}
      >
        Wow wow
         ↑
      </p>
    </div>
  </div>
  <div>
    <div>
      <p>
        Raising Gazorpazorp
      </p>
    </div>
  </div>
  <div>
    <div>
      <p>
        The wedding squanchers
      </p>
    </div>
  </div>
  <div>
    <div>
      <p>
        The Rickshank redemption
      </p>
    </div>
  </div>
  <div>
    <div>
      <p>
        Ricksy business
      </p>
    </div>
  </div>
  <div>
    <div>
      <p>
        Close Rick-counters of the Rick kind
      </p>
    </div>
  </div>
</div>
`;
